[    9963ms] [ERROR] Warning: Prop `%s` did not match. Server: %s Client: %s%s className "__variable_0ef619 __variable_019d91 __variable_5899e0 __variable_940e7d antialiased" "embed-shell __variable_019d91 __variable_5899e0 antialiased" 
    at body
    at html
    at EmbedLayout (Server)
    at InnerLayoutRouter (webpack-internal:///(app-pages-browser)/./node_modules/next/dist/client/components/layout-router.js:243:11)
    at RedirectErrorBoundary (webpack-internal:///(app-pages-browser)/./node_modules/next/dist/client/components/redirect-boundary.js:74:9)
    at RedirectBoundary (webpack-internal:///(app-pages-browser)/./node_modules/next/dist/client/components/redirect-boundary.js:82:11)
    at NotFoundErrorBoundary (webpack-internal:///(app-pages-browser)/./node_modules/next/dist/client/components/not-found-boundary.js:76:9)
    at NotFoundBoundary (webpack-internal:///(app-pages-browser)/./node_modules/next/dist/client/components/not-found-boundary.js:84:11)
    at LoadingBoundary (webpack-internal:///(app-pages-browser)/./node_modules/next/dist/client/components/layout-router.js:349:11)
    at ErrorBoundary (webpack-internal:///(app-pages-browser)/./node_modules/next/dist/client/components/error-boundary.js:160:11)
    at InnerScrollAndFocusHandler (webpack-internal:///(app-pages-browser)/./node_modules/next/dist/client/components/layout-router.js:153:9)
    at ScrollAndFocusHandler (webpack-internal:///(app-pages-browser)/./node_modules/next/dist/client/components/layout-router.js:228:11)
    at RenderFromTemplateContext (webpack-internal:///(app-pages-browser)/./node_modules/next/dist/client/components/render-from-template-context.js:16:44)
    at OuterLayoutRouter (webpack-internal:///(app-pages-browser)/./node_modules/next/dist/client/components/layout-router.js:370:11)
    at PatientAppChrome (webpack-internal:///(app-pages-browser)/./components/patient/PatientAppChrome.tsx:278:11)
    at body
    at html
    at RootLayout (Server)
    at RedirectErrorBoundary (webpack-internal:///(app-pages-browser)/./node_modules/next/dist/client/components/redirect-boundary.js:74:9)
    at RedirectBoundary (webpack-internal:///(app-pages-browser)/./node_modules/next/dist/client/components/redirect-boundary.js:82:11)
    at NotFoundErrorBoundary (webpack-internal:///(app-pages-browser)/./node_modules/next/dist/client/components/not-found-boundary.js:76:9)
    at NotFoundBoundary (webpack-internal:///(app-pages-browser)/./node_modules/next/dist/client/components/not-found-boundary.js:84:11)
    at DevRootNotFoundBoundary (webpack-internal:///(app-pages-browser)/./node_modules/next/dist/client/components/dev-root-not-found-boundary.js:33:11)
    at ReactDevOverlay (webpack-internal:///(app-pages-browser)/./node_modules/next/dist/client/components/react-dev-overlay/app/ReactDevOverlay.js:87:9)
    at HotReload (webpack-internal:///(app-pages-browser)/./node_modules/next/dist/client/components/react-dev-overlay/app/hot-reloader-client.js:321:11)
    at Router (webpack-internal:///(app-pages-browser)/./node_modules/next/dist/client/components/app-router.js:207:11)
    at ErrorBoundaryHandler (webpack-internal:///(app-pages-browser)/./node_modules/next/dist/client/components/error-boundary.js:113:9)
    at ErrorBoundary (webpack-internal:///(app-pages-browser)/./node_modules/next/dist/client/components/error-boundary.js:160:11)
    at AppRouter (webpack-internal:///(app-pages-browser)/./node_modules/next/dist/client/components/app-router.js:585:13)
    at ServerRoot (webpack-internal:///(app-pages-browser)/./node_modules/next/dist/client/app-index.js:112:27)
    at Root (webpack-internal:///(app-pages-browser)/./node_modules/next/dist/client/app-index.js:117:11) @ webpack-internal:///(app-pages-browser)/./node_modules/next/dist/client/app-index.js:32
[   14063ms] [WARNING] The resource http://localhost:3000/_next/static/media/3b891b14d3cf1415-s.p.woff2 was preloaded using link preload but not used within a few seconds from the window's load event. Please make sure it has an appropriate `as` value and it is preloaded intentionally. @ http://localhost:3000/embed/timetable:0
[   17366ms] [WARNING] The resource http://localhost:3000/_next/static/media/3b891b14d3cf1415-s.p.woff2 was preloaded using link preload but not used within a few seconds from the window's load event. Please make sure it has an appropriate `as` value and it is preloaded intentionally. @ http://localhost:3000/embed/timetable:0
[   20724ms] [WARNING] The resource http://localhost:3000/_next/static/media/3b891b14d3cf1415-s.p.woff2 was preloaded using link preload but not used within a few seconds from the window's load event. Please make sure it has an appropriate `as` value and it is preloaded intentionally. @ http://localhost:3000/embed/timetable:0
[   24033ms] [WARNING] The resource http://localhost:3000/_next/static/media/3b891b14d3cf1415-s.p.woff2 was preloaded using link preload but not used within a few seconds from the window's load event. Please make sure it has an appropriate `as` value and it is preloaded intentionally. @ http://localhost:3000/embed/timetable:0
[   27449ms] [WARNING] The resource http://localhost:3000/_next/static/media/3b891b14d3cf1415-s.p.woff2 was preloaded using link preload but not used within a few seconds from the window's load event. Please make sure it has an appropriate `as` value and it is preloaded intentionally. @ http://localhost:3000/embed/timetable:0
[   30907ms] [WARNING] The resource http://localhost:3000/_next/static/media/3b891b14d3cf1415-s.p.woff2 was preloaded using link preload but not used within a few seconds from the window's load event. Please make sure it has an appropriate `as` value and it is preloaded intentionally. @ http://localhost:3000/embed/timetable:0
[   34257ms] [WARNING] The resource http://localhost:3000/_next/static/media/3b891b14d3cf1415-s.p.woff2 was preloaded using link preload but not used within a few seconds from the window's load event. Please make sure it has an appropriate `as` value and it is preloaded intentionally. @ http://localhost:3000/embed/timetable:0
[   37637ms] [WARNING] The resource http://localhost:3000/_next/static/media/3b891b14d3cf1415-s.p.woff2 was preloaded using link preload but not used within a few seconds from the window's load event. Please make sure it has an appropriate `as` value and it is preloaded intentionally. @ http://localhost:3000/embed/timetable:0
[   41137ms] [WARNING] The resource http://localhost:3000/_next/static/media/3b891b14d3cf1415-s.p.woff2 was preloaded using link preload but not used within a few seconds from the window's load event. Please make sure it has an appropriate `as` value and it is preloaded intentionally. @ http://localhost:3000/embed/timetable:0
[   44660ms] [WARNING] The resource http://localhost:3000/_next/static/media/3b891b14d3cf1415-s.p.woff2 was preloaded using link preload but not used within a few seconds from the window's load event. Please make sure it has an appropriate `as` value and it is preloaded intentionally. @ http://localhost:3000/embed/timetable:0
[   47985ms] [WARNING] The resource http://localhost:3000/_next/static/media/3b891b14d3cf1415-s.p.woff2 was preloaded using link preload but not used within a few seconds from the window's load event. Please make sure it has an appropriate `as` value and it is preloaded intentionally. @ http://localhost:3000/embed/timetable:0
[   51629ms] [WARNING] The resource http://localhost:3000/_next/static/media/3b891b14d3cf1415-s.p.woff2 was preloaded using link preload but not used within a few seconds from the window's load event. Please make sure it has an appropriate `as` value and it is preloaded intentionally. @ http://localhost:3000/embed/timetable:0
[   54919ms] [WARNING] The resource http://localhost:3000/_next/static/media/3b891b14d3cf1415-s.p.woff2 was preloaded using link preload but not used within a few seconds from the window's load event. Please make sure it has an appropriate `as` value and it is preloaded intentionally. @ http://localhost:3000/embed/timetable:0
[   58341ms] [WARNING] The resource http://localhost:3000/_next/static/media/3b891b14d3cf1415-s.p.woff2 was preloaded using link preload but not used within a few seconds from the window's load event. Please make sure it has an appropriate `as` value and it is preloaded intentionally. @ http://localhost:3000/embed/timetable:0
[   61849ms] [WARNING] The resource http://localhost:3000/_next/static/media/3b891b14d3cf1415-s.p.woff2 was preloaded using link preload but not used within a few seconds from the window's load event. Please make sure it has an appropriate `as` value and it is preloaded intentionally. @ http://localhost:3000/embed/timetable:0
[   65307ms] [WARNING] The resource http://localhost:3000/_next/static/media/3b891b14d3cf1415-s.p.woff2 was preloaded using link preload but not used within a few seconds from the window's load event. Please make sure it has an appropriate `as` value and it is preloaded intentionally. @ http://localhost:3000/embed/timetable:0
[   69150ms] [WARNING] The resource http://localhost:3000/_next/static/media/3b891b14d3cf1415-s.p.woff2 was preloaded using link preload but not used within a few seconds from the window's load event. Please make sure it has an appropriate `as` value and it is preloaded intentionally. @ http://localhost:3000/embed/timetable:0
[   72881ms] [WARNING] The resource http://localhost:3000/_next/static/media/3b891b14d3cf1415-s.p.woff2 was preloaded using link preload but not used within a few seconds from the window's load event. Please make sure it has an appropriate `as` value and it is preloaded intentionally. @ http://localhost:3000/embed/timetable:0
[   76615ms] [WARNING] The resource http://localhost:3000/_next/static/media/3b891b14d3cf1415-s.p.woff2 was preloaded using link preload but not used within a few seconds from the window's load event. Please make sure it has an appropriate `as` value and it is preloaded intentionally. @ http://localhost:3000/embed/timetable:0
[   79931ms] [WARNING] The resource http://localhost:3000/_next/static/media/3b891b14d3cf1415-s.p.woff2 was preloaded using link preload but not used within a few seconds from the window's load event. Please make sure it has an appropriate `as` value and it is preloaded intentionally. @ http://localhost:3000/embed/timetable:0
[   83396ms] [WARNING] The resource http://localhost:3000/_next/static/media/3b891b14d3cf1415-s.p.woff2 was preloaded using link preload but not used within a few seconds from the window's load event. Please make sure it has an appropriate `as` value and it is preloaded intentionally. @ http://localhost:3000/embed/timetable:0
[   86751ms] [WARNING] The resource http://localhost:3000/_next/static/media/3b891b14d3cf1415-s.p.woff2 was preloaded using link preload but not used within a few seconds from the window's load event. Please make sure it has an appropriate `as` value and it is preloaded intentionally. @ http://localhost:3000/embed/timetable:0
[   90070ms] [WARNING] The resource http://localhost:3000/_next/static/media/3b891b14d3cf1415-s.p.woff2 was preloaded using link preload but not used within a few seconds from the window's load event. Please make sure it has an appropriate `as` value and it is preloaded intentionally. @ http://localhost:3000/embed/timetable:0
[   93367ms] [WARNING] The resource http://localhost:3000/_next/static/media/3b891b14d3cf1415-s.p.woff2 was preloaded using link preload but not used within a few seconds from the window's load event. Please make sure it has an appropriate `as` value and it is preloaded intentionally. @ http://localhost:3000/embed/timetable:0
[   96752ms] [WARNING] The resource http://localhost:3000/_next/static/media/3b891b14d3cf1415-s.p.woff2 was preloaded using link preload but not used within a few seconds from the window's load event. Please make sure it has an appropriate `as` value and it is preloaded intentionally. @ http://localhost:3000/embed/timetable:0
[  100091ms] [WARNING] The resource http://localhost:3000/_next/static/media/3b891b14d3cf1415-s.p.woff2 was preloaded using link preload but not used within a few seconds from the window's load event. Please make sure it has an appropriate `as` value and it is preloaded intentionally. @ http://localhost:3000/embed/timetable:0
[  103407ms] [WARNING] The resource http://localhost:3000/_next/static/media/3b891b14d3cf1415-s.p.woff2 was preloaded using link preload but not used within a few seconds from the window's load event. Please make sure it has an appropriate `as` value and it is preloaded intentionally. @ http://localhost:3000/embed/timetable:0
[  106713ms] [WARNING] The resource http://localhost:3000/_next/static/media/3b891b14d3cf1415-s.p.woff2 was preloaded using link preload but not used within a few seconds from the window's load event. Please make sure it has an appropriate `as` value and it is preloaded intentionally. @ http://localhost:3000/embed/timetable:0
[  110050ms] [WARNING] The resource http://localhost:3000/_next/static/media/3b891b14d3cf1415-s.p.woff2 was preloaded using link preload but not used within a few seconds from the window's load event. Please make sure it has an appropriate `as` value and it is preloaded intentionally. @ http://localhost:3000/embed/timetable:0
[  113371ms] [WARNING] The resource http://localhost:3000/_next/static/media/3b891b14d3cf1415-s.p.woff2 was preloaded using link preload but not used within a few seconds from the window's load event. Please make sure it has an appropriate `as` value and it is preloaded intentionally. @ http://localhost:3000/embed/timetable:0
[  116796ms] [WARNING] The resource http://localhost:3000/_next/static/media/3b891b14d3cf1415-s.p.woff2 was preloaded using link preload but not used within a few seconds from the window's load event. Please make sure it has an appropriate `as` value and it is preloaded intentionally. @ http://localhost:3000/embed/timetable:0
[  120122ms] [WARNING] The resource http://localhost:3000/_next/static/media/3b891b14d3cf1415-s.p.woff2 was preloaded using link preload but not used within a few seconds from the window's load event. Please make sure it has an appropriate `as` value and it is preloaded intentionally. @ http://localhost:3000/embed/timetable:0
[  123401ms] [WARNING] The resource http://localhost:3000/_next/static/media/3b891b14d3cf1415-s.p.woff2 was preloaded using link preload but not used within a few seconds from the window's load event. Please make sure it has an appropriate `as` value and it is preloaded intentionally. @ http://localhost:3000/embed/timetable:0
[  126709ms] [WARNING] The resource http://localhost:3000/_next/static/media/3b891b14d3cf1415-s.p.woff2 was preloaded using link preload but not used within a few seconds from the window's load event. Please make sure it has an appropriate `as` value and it is preloaded intentionally. @ http://localhost:3000/embed/timetable:0
[  129999ms] [WARNING] The resource http://localhost:3000/_next/static/media/3b891b14d3cf1415-s.p.woff2 was preloaded using link preload but not used within a few seconds from the window's load event. Please make sure it has an appropriate `as` value and it is preloaded intentionally. @ http://localhost:3000/embed/timetable:0
[  133325ms] [WARNING] The resource http://localhost:3000/_next/static/media/3b891b14d3cf1415-s.p.woff2 was preloaded using link preload but not used within a few seconds from the window's load event. Please make sure it has an appropriate `as` value and it is preloaded intentionally. @ http://localhost:3000/embed/timetable:0
[  136852ms] [WARNING] The resource http://localhost:3000/_next/static/media/3b891b14d3cf1415-s.p.woff2 was preloaded using link preload but not used within a few seconds from the window's load event. Please make sure it has an appropriate `as` value and it is preloaded intentionally. @ http://localhost:3000/embed/timetable:0
[  140279ms] [WARNING] The resource http://localhost:3000/_next/static/media/3b891b14d3cf1415-s.p.woff2 was preloaded using link preload but not used within a few seconds from the window's load event. Please make sure it has an appropriate `as` value and it is preloaded intentionally. @ http://localhost:3000/embed/timetable:0
[  143639ms] [WARNING] The resource http://localhost:3000/_next/static/media/3b891b14d3cf1415-s.p.woff2 was preloaded using link preload but not used within a few seconds from the window's load event. Please make sure it has an appropriate `as` value and it is preloaded intentionally. @ http://localhost:3000/embed/timetable:0
[  146954ms] [WARNING] The resource http://localhost:3000/_next/static/media/3b891b14d3cf1415-s.p.woff2 was preloaded using link preload but not used within a few seconds from the window's load event. Please make sure it has an appropriate `as` value and it is preloaded intentionally. @ http://localhost:3000/embed/timetable:0
[  150251ms] [WARNING] The resource http://localhost:3000/_next/static/media/3b891b14d3cf1415-s.p.woff2 was preloaded using link preload but not used within a few seconds from the window's load event. Please make sure it has an appropriate `as` value and it is preloaded intentionally. @ http://localhost:3000/embed/timetable:0
[  153538ms] [WARNING] The resource http://localhost:3000/_next/static/media/3b891b14d3cf1415-s.p.woff2 was preloaded using link preload but not used within a few seconds from the window's load event. Please make sure it has an appropriate `as` value and it is preloaded intentionally. @ http://localhost:3000/embed/timetable:0
[  156830ms] [WARNING] The resource http://localhost:3000/_next/static/media/3b891b14d3cf1415-s.p.woff2 was preloaded using link preload but not used within a few seconds from the window's load event. Please make sure it has an appropriate `as` value and it is preloaded intentionally. @ http://localhost:3000/embed/timetable:0
[  160127ms] [WARNING] The resource http://localhost:3000/_next/static/media/3b891b14d3cf1415-s.p.woff2 was preloaded using link preload but not used within a few seconds from the window's load event. Please make sure it has an appropriate `as` value and it is preloaded intentionally. @ http://localhost:3000/embed/timetable:0
[  163480ms] [WARNING] The resource http://localhost:3000/_next/static/media/3b891b14d3cf1415-s.p.woff2 was preloaded using link preload but not used within a few seconds from the window's load event. Please make sure it has an appropriate `as` value and it is preloaded intentionally. @ http://localhost:3000/embed/timetable:0
[  166773ms] [WARNING] The resource http://localhost:3000/_next/static/media/3b891b14d3cf1415-s.p.woff2 was preloaded using link preload but not used within a few seconds from the window's load event. Please make sure it has an appropriate `as` value and it is preloaded intentionally. @ http://localhost:3000/embed/timetable:0
[  170072ms] [WARNING] The resource http://localhost:3000/_next/static/media/3b891b14d3cf1415-s.p.woff2 was preloaded using link preload but not used within a few seconds from the window's load event. Please make sure it has an appropriate `as` value and it is preloaded intentionally. @ http://localhost:3000/embed/timetable:0
[  173448ms] [WARNING] The resource http://localhost:3000/_next/static/media/3b891b14d3cf1415-s.p.woff2 was preloaded using link preload but not used within a few seconds from the window's load event. Please make sure it has an appropriate `as` value and it is preloaded intentionally. @ http://localhost:3000/embed/timetable:0
[  176723ms] [WARNING] The resource http://localhost:3000/_next/static/media/3b891b14d3cf1415-s.p.woff2 was preloaded using link preload but not used within a few seconds from the window's load event. Please make sure it has an appropriate `as` value and it is preloaded intentionally. @ http://localhost:3000/embed/timetable:0
[  180056ms] [WARNING] The resource http://localhost:3000/_next/static/media/3b891b14d3cf1415-s.p.woff2 was preloaded using link preload but not used within a few seconds from the window's load event. Please make sure it has an appropriate `as` value and it is preloaded intentionally. @ http://localhost:3000/embed/timetable:0
[  183357ms] [WARNING] The resource http://localhost:3000/_next/static/media/3b891b14d3cf1415-s.p.woff2 was preloaded using link preload but not used within a few seconds from the window's load event. Please make sure it has an appropriate `as` value and it is preloaded intentionally. @ http://localhost:3000/embed/timetable:0
[  186654ms] [WARNING] The resource http://localhost:3000/_next/static/media/3b891b14d3cf1415-s.p.woff2 was preloaded using link preload but not used within a few seconds from the window's load event. Please make sure it has an appropriate `as` value and it is preloaded intentionally. @ http://localhost:3000/embed/timetable:0
[  189961ms] [WARNING] The resource http://localhost:3000/_next/static/media/3b891b14d3cf1415-s.p.woff2 was preloaded using link preload but not used within a few seconds from the window's load event. Please make sure it has an appropriate `as` value and it is preloaded intentionally. @ http://localhost:3000/embed/timetable:0
[  193249ms] [WARNING] The resource http://localhost:3000/_next/static/media/3b891b14d3cf1415-s.p.woff2 was preloaded using link preload but not used within a few seconds from the window's load event. Please make sure it has an appropriate `as` value and it is preloaded intentionally. @ http://localhost:3000/embed/timetable:0
[  196534ms] [WARNING] The resource http://localhost:3000/_next/static/media/3b891b14d3cf1415-s.p.woff2 was preloaded using link preload but not used within a few seconds from the window's load event. Please make sure it has an appropriate `as` value and it is preloaded intentionally. @ http://localhost:3000/embed/timetable:0
[  199831ms] [WARNING] The resource http://localhost:3000/_next/static/media/3b891b14d3cf1415-s.p.woff2 was preloaded using link preload but not used within a few seconds from the window's load event. Please make sure it has an appropriate `as` value and it is preloaded intentionally. @ http://localhost:3000/embed/timetable:0
[  203114ms] [WARNING] The resource http://localhost:3000/_next/static/media/3b891b14d3cf1415-s.p.woff2 was preloaded using link preload but not used within a few seconds from the window's load event. Please make sure it has an appropriate `as` value and it is preloaded intentionally. @ http://localhost:3000/embed/timetable:0
[  206472ms] [WARNING] The resource http://localhost:3000/_next/static/media/3b891b14d3cf1415-s.p.woff2 was preloaded using link preload but not used within a few seconds from the window's load event. Please make sure it has an appropriate `as` value and it is preloaded intentionally. @ http://localhost:3000/embed/timetable:0
[  209805ms] [WARNING] The resource http://localhost:3000/_next/static/media/3b891b14d3cf1415-s.p.woff2 was preloaded using link preload but not used within a few seconds from the window's load event. Please make sure it has an appropriate `as` value and it is preloaded intentionally. @ http://localhost:3000/embed/timetable:0
[  213113ms] [WARNING] The resource http://localhost:3000/_next/static/media/3b891b14d3cf1415-s.p.woff2 was preloaded using link preload but not used within a few seconds from the window's load event. Please make sure it has an appropriate `as` value and it is preloaded intentionally. @ http://localhost:3000/embed/timetable:0
[  216420ms] [WARNING] The resource http://localhost:3000/_next/static/media/3b891b14d3cf1415-s.p.woff2 was preloaded using link preload but not used within a few seconds from the window's load event. Please make sure it has an appropriate `as` value and it is preloaded intentionally. @ http://localhost:3000/embed/timetable:0
[  219728ms] [WARNING] The resource http://localhost:3000/_next/static/media/3b891b14d3cf1415-s.p.woff2 was preloaded using link preload but not used within a few seconds from the window's load event. Please make sure it has an appropriate `as` value and it is preloaded intentionally. @ http://localhost:3000/embed/timetable:0
[  223010ms] [WARNING] The resource http://localhost:3000/_next/static/media/3b891b14d3cf1415-s.p.woff2 was preloaded using link preload but not used within a few seconds from the window's load event. Please make sure it has an appropriate `as` value and it is preloaded intentionally. @ http://localhost:3000/embed/timetable:0
[  226385ms] [WARNING] The resource http://localhost:3000/_next/static/media/3b891b14d3cf1415-s.p.woff2 was preloaded using link preload but not used within a few seconds from the window's load event. Please make sure it has an appropriate `as` value and it is preloaded intentionally. @ http://localhost:3000/embed/timetable:0
[  229678ms] [WARNING] The resource http://localhost:3000/_next/static/media/3b891b14d3cf1415-s.p.woff2 was preloaded using link preload but not used within a few seconds from the window's load event. Please make sure it has an appropriate `as` value and it is preloaded intentionally. @ http://localhost:3000/embed/timetable:0
[  232992ms] [WARNING] The resource http://localhost:3000/_next/static/media/3b891b14d3cf1415-s.p.woff2 was preloaded using link preload but not used within a few seconds from the window's load event. Please make sure it has an appropriate `as` value and it is preloaded intentionally. @ http://localhost:3000/embed/timetable:0
[  236276ms] [WARNING] The resource http://localhost:3000/_next/static/media/3b891b14d3cf1415-s.p.woff2 was preloaded using link preload but not used within a few seconds from the window's load event. Please make sure it has an appropriate `as` value and it is preloaded intentionally. @ http://localhost:3000/embed/timetable:0
[  239652ms] [WARNING] The resource http://localhost:3000/_next/static/media/3b891b14d3cf1415-s.p.woff2 was preloaded using link preload but not used within a few seconds from the window's load event. Please make sure it has an appropriate `as` value and it is preloaded intentionally. @ http://localhost:3000/embed/timetable:0
[  242948ms] [WARNING] The resource http://localhost:3000/_next/static/media/3b891b14d3cf1415-s.p.woff2 was preloaded using link preload but not used within a few seconds from the window's load event. Please make sure it has an appropriate `as` value and it is preloaded intentionally. @ http://localhost:3000/embed/timetable:0
[  246246ms] [WARNING] The resource http://localhost:3000/_next/static/media/3b891b14d3cf1415-s.p.woff2 was preloaded using link preload but not used within a few seconds from the window's load event. Please make sure it has an appropriate `as` value and it is preloaded intentionally. @ http://localhost:3000/embed/timetable:0
[  249548ms] [WARNING] The resource http://localhost:3000/_next/static/media/3b891b14d3cf1415-s.p.woff2 was preloaded using link preload but not used within a few seconds from the window's load event. Please make sure it has an appropriate `as` value and it is preloaded intentionally. @ http://localhost:3000/embed/timetable:0
[  252911ms] [WARNING] The resource http://localhost:3000/_next/static/media/3b891b14d3cf1415-s.p.woff2 was preloaded using link preload but not used within a few seconds from the window's load event. Please make sure it has an appropriate `as` value and it is preloaded intentionally. @ http://localhost:3000/embed/timetable:0
[  256206ms] [WARNING] The resource http://localhost:3000/_next/static/media/3b891b14d3cf1415-s.p.woff2 was preloaded using link preload but not used within a few seconds from the window's load event. Please make sure it has an appropriate `as` value and it is preloaded intentionally. @ http://localhost:3000/embed/timetable:0
[  259734ms] [WARNING] The resource http://localhost:3000/_next/static/media/3b891b14d3cf1415-s.p.woff2 was preloaded using link preload but not used within a few seconds from the window's load event. Please make sure it has an appropriate `as` value and it is preloaded intentionally. @ http://localhost:3000/embed/timetable:0
[  263015ms] [WARNING] The resource http://localhost:3000/_next/static/media/3b891b14d3cf1415-s.p.woff2 was preloaded using link preload but not used within a few seconds from the window's load event. Please make sure it has an appropriate `as` value and it is preloaded intentionally. @ http://localhost:3000/embed/timetable:0
[  266321ms] [WARNING] The resource http://localhost:3000/_next/static/media/3b891b14d3cf1415-s.p.woff2 was preloaded using link preload but not used within a few seconds from the window's load event. Please make sure it has an appropriate `as` value and it is preloaded intentionally. @ http://localhost:3000/embed/timetable:0
[  269637ms] [WARNING] The resource http://localhost:3000/_next/static/media/3b891b14d3cf1415-s.p.woff2 was preloaded using link preload but not used within a few seconds from the window's load event. Please make sure it has an appropriate `as` value and it is preloaded intentionally. @ http://localhost:3000/embed/timetable:0
[  272947ms] [WARNING] The resource http://localhost:3000/_next/static/media/3b891b14d3cf1415-s.p.woff2 was preloaded using link preload but not used within a few seconds from the window's load event. Please make sure it has an appropriate `as` value and it is preloaded intentionally. @ http://localhost:3000/embed/timetable:0
[  276230ms] [WARNING] The resource http://localhost:3000/_next/static/media/3b891b14d3cf1415-s.p.woff2 was preloaded using link preload but not used within a few seconds from the window's load event. Please make sure it has an appropriate `as` value and it is preloaded intentionally. @ http://localhost:3000/embed/timetable:0
[  279527ms] [WARNING] The resource http://localhost:3000/_next/static/media/3b891b14d3cf1415-s.p.woff2 was preloaded using link preload but not used within a few seconds from the window's load event. Please make sure it has an appropriate `as` value and it is preloaded intentionally. @ http://localhost:3000/embed/timetable:0
[  282825ms] [WARNING] The resource http://localhost:3000/_next/static/media/3b891b14d3cf1415-s.p.woff2 was preloaded using link preload but not used within a few seconds from the window's load event. Please make sure it has an appropriate `as` value and it is preloaded intentionally. @ http://localhost:3000/embed/timetable:0
[  286111ms] [WARNING] The resource http://localhost:3000/_next/static/media/3b891b14d3cf1415-s.p.woff2 was preloaded using link preload but not used within a few seconds from the window's load event. Please make sure it has an appropriate `as` value and it is preloaded intentionally. @ http://localhost:3000/embed/timetable:0
[  289402ms] [WARNING] The resource http://localhost:3000/_next/static/media/3b891b14d3cf1415-s.p.woff2 was preloaded using link preload but not used within a few seconds from the window's load event. Please make sure it has an appropriate `as` value and it is preloaded intentionally. @ http://localhost:3000/embed/timetable:0
[  292734ms] [WARNING] The resource http://localhost:3000/_next/static/media/3b891b14d3cf1415-s.p.woff2 was preloaded using link preload but not used within a few seconds from the window's load event. Please make sure it has an appropriate `as` value and it is preloaded intentionally. @ http://localhost:3000/embed/timetable:0
[  296030ms] [WARNING] The resource http://localhost:3000/_next/static/media/3b891b14d3cf1415-s.p.woff2 was preloaded using link preload but not used within a few seconds from the window's load event. Please make sure it has an appropriate `as` value and it is preloaded intentionally. @ http://localhost:3000/embed/timetable:0
[  299348ms] [WARNING] The resource http://localhost:3000/_next/static/media/3b891b14d3cf1415-s.p.woff2 was preloaded using link preload but not used within a few seconds from the window's load event. Please make sure it has an appropriate `as` value and it is preloaded intentionally. @ http://localhost:3000/embed/timetable:0
[  302663ms] [WARNING] The resource http://localhost:3000/_next/static/media/3b891b14d3cf1415-s.p.woff2 was preloaded using link preload but not used within a few seconds from the window's load event. Please make sure it has an appropriate `as` value and it is preloaded intentionally. @ http://localhost:3000/embed/timetable:0
[  306005ms] [WARNING] The resource http://localhost:3000/_next/static/media/3b891b14d3cf1415-s.p.woff2 was preloaded using link preload but not used within a few seconds from the window's load event. Please make sure it has an appropriate `as` value and it is preloaded intentionally. @ http://localhost:3000/embed/timetable:0
[  309313ms] [WARNING] The resource http://localhost:3000/_next/static/media/3b891b14d3cf1415-s.p.woff2 was preloaded using link preload but not used within a few seconds from the window's load event. Please make sure it has an appropriate `as` value and it is preloaded intentionally. @ http://localhost:3000/embed/timetable:0
[  312622ms] [WARNING] The resource http://localhost:3000/_next/static/media/3b891b14d3cf1415-s.p.woff2 was preloaded using link preload but not used within a few seconds from the window's load event. Please make sure it has an appropriate `as` value and it is preloaded intentionally. @ http://localhost:3000/embed/timetable:0
[  315911ms] [WARNING] The resource http://localhost:3000/_next/static/media/3b891b14d3cf1415-s.p.woff2 was preloaded using link preload but not used within a few seconds from the window's load event. Please make sure it has an appropriate `as` value and it is preloaded intentionally. @ http://localhost:3000/embed/timetable:0
[  319257ms] [WARNING] The resource http://localhost:3000/_next/static/media/3b891b14d3cf1415-s.p.woff2 was preloaded using link preload but not used within a few seconds from the window's load event. Please make sure it has an appropriate `as` value and it is preloaded intentionally. @ http://localhost:3000/embed/timetable:0
[  322638ms] [WARNING] The resource http://localhost:3000/_next/static/media/3b891b14d3cf1415-s.p.woff2 was preloaded using link preload but not used within a few seconds from the window's load event. Please make sure it has an appropriate `as` value and it is preloaded intentionally. @ http://localhost:3000/embed/timetable:0
[  325930ms] [WARNING] The resource http://localhost:3000/_next/static/media/3b891b14d3cf1415-s.p.woff2 was preloaded using link preload but not used within a few seconds from the window's load event. Please make sure it has an appropriate `as` value and it is preloaded intentionally. @ http://localhost:3000/embed/timetable:0
[  329247ms] [WARNING] The resource http://localhost:3000/_next/static/media/3b891b14d3cf1415-s.p.woff2 was preloaded using link preload but not used within a few seconds from the window's load event. Please make sure it has an appropriate `as` value and it is preloaded intentionally. @ http://localhost:3000/embed/timetable:0
[  332539ms] [WARNING] The resource http://localhost:3000/_next/static/media/3b891b14d3cf1415-s.p.woff2 was preloaded using link preload but not used within a few seconds from the window's load event. Please make sure it has an appropriate `as` value and it is preloaded intentionally. @ http://localhost:3000/embed/timetable:0
[  335815ms] [WARNING] The resource http://localhost:3000/_next/static/media/3b891b14d3cf1415-s.p.woff2 was preloaded using link preload but not used within a few seconds from the window's load event. Please make sure it has an appropriate `as` value and it is preloaded intentionally. @ http://localhost:3000/embed/timetable:0
[  339118ms] [WARNING] The resource http://localhost:3000/_next/static/media/3b891b14d3cf1415-s.p.woff2 was preloaded using link preload but not used within a few seconds from the window's load event. Please make sure it has an appropriate `as` value and it is preloaded intentionally. @ http://localhost:3000/embed/timetable:0
[  342412ms] [WARNING] The resource http://localhost:3000/_next/static/media/3b891b14d3cf1415-s.p.woff2 was preloaded using link preload but not used within a few seconds from the window's load event. Please make sure it has an appropriate `as` value and it is preloaded intentionally. @ http://localhost:3000/embed/timetable:0
[  345692ms] [WARNING] The resource http://localhost:3000/_next/static/media/3b891b14d3cf1415-s.p.woff2 was preloaded using link preload but not used within a few seconds from the window's load event. Please make sure it has an appropriate `as` value and it is preloaded intentionally. @ http://localhost:3000/embed/timetable:0
[  348970ms] [WARNING] The resource http://localhost:3000/_next/static/media/3b891b14d3cf1415-s.p.woff2 was preloaded using link preload but not used within a few seconds from the window's load event. Please make sure it has an appropriate `as` value and it is preloaded intentionally. @ http://localhost:3000/embed/timetable:0
[  352283ms] [WARNING] The resource http://localhost:3000/_next/static/media/3b891b14d3cf1415-s.p.woff2 was preloaded using link preload but not used within a few seconds from the window's load event. Please make sure it has an appropriate `as` value and it is preloaded intentionally. @ http://localhost:3000/embed/timetable:0
[  355587ms] [WARNING] The resource http://localhost:3000/_next/static/media/3b891b14d3cf1415-s.p.woff2 was preloaded using link preload but not used within a few seconds from the window's load event. Please make sure it has an appropriate `as` value and it is preloaded intentionally. @ http://localhost:3000/embed/timetable:0
[  359221ms] [WARNING] The resource http://localhost:3000/_next/static/media/3b891b14d3cf1415-s.p.woff2 was preloaded using link preload but not used within a few seconds from the window's load event. Please make sure it has an appropriate `as` value and it is preloaded intentionally. @ http://localhost:3000/embed/timetable:0
[  362505ms] [WARNING] The resource http://localhost:3000/_next/static/media/3b891b14d3cf1415-s.p.woff2 was preloaded using link preload but not used within a few seconds from the window's load event. Please make sure it has an appropriate `as` value and it is preloaded intentionally. @ http://localhost:3000/embed/timetable:0
[  365813ms] [WARNING] The resource http://localhost:3000/_next/static/media/3b891b14d3cf1415-s.p.woff2 was preloaded using link preload but not used within a few seconds from the window's load event. Please make sure it has an appropriate `as` value and it is preloaded intentionally. @ http://localhost:3000/embed/timetable:0
[  369124ms] [WARNING] The resource http://localhost:3000/_next/static/media/3b891b14d3cf1415-s.p.woff2 was preloaded using link preload but not used within a few seconds from the window's load event. Please make sure it has an appropriate `as` value and it is preloaded intentionally. @ http://localhost:3000/embed/timetable:0
[  372461ms] [WARNING] The resource http://localhost:3000/_next/static/media/3b891b14d3cf1415-s.p.woff2 was preloaded using link preload but not used within a few seconds from the window's load event. Please make sure it has an appropriate `as` value and it is preloaded intentionally. @ http://localhost:3000/embed/timetable:0
[  375805ms] [WARNING] The resource http://localhost:3000/_next/static/media/3b891b14d3cf1415-s.p.woff2 was preloaded using link preload but not used within a few seconds from the window's load event. Please make sure it has an appropriate `as` value and it is preloaded intentionally. @ http://localhost:3000/embed/timetable:0
[  379140ms] [WARNING] The resource http://localhost:3000/_next/static/media/3b891b14d3cf1415-s.p.woff2 was preloaded using link preload but not used within a few seconds from the window's load event. Please make sure it has an appropriate `as` value and it is preloaded intentionally. @ http://localhost:3000/embed/timetable:0
[  382772ms] [WARNING] The resource http://localhost:3000/_next/static/media/3b891b14d3cf1415-s.p.woff2 was preloaded using link preload but not used within a few seconds from the window's load event. Please make sure it has an appropriate `as` value and it is preloaded intentionally. @ http://localhost:3000/embed/timetable:0
[  386091ms] [WARNING] The resource http://localhost:3000/_next/static/media/3b891b14d3cf1415-s.p.woff2 was preloaded using link preload but not used within a few seconds from the window's load event. Please make sure it has an appropriate `as` value and it is preloaded intentionally. @ http://localhost:3000/embed/timetable:0
[  389721ms] [WARNING] The resource http://localhost:3000/_next/static/media/3b891b14d3cf1415-s.p.woff2 was preloaded using link preload but not used within a few seconds from the window's load event. Please make sure it has an appropriate `as` value and it is preloaded intentionally. @ http://localhost:3000/embed/timetable:0
[  393025ms] [WARNING] The resource http://localhost:3000/_next/static/media/3b891b14d3cf1415-s.p.woff2 was preloaded using link preload but not used within a few seconds from the window's load event. Please make sure it has an appropriate `as` value and it is preloaded intentionally. @ http://localhost:3000/embed/timetable:0
[  396293ms] [WARNING] The resource http://localhost:3000/_next/static/media/3b891b14d3cf1415-s.p.woff2 was preloaded using link preload but not used within a few seconds from the window's load event. Please make sure it has an appropriate `as` value and it is preloaded intentionally. @ http://localhost:3000/embed/timetable:0
[  399585ms] [WARNING] The resource http://localhost:3000/_next/static/media/3b891b14d3cf1415-s.p.woff2 was preloaded using link preload but not used within a few seconds from the window's load event. Please make sure it has an appropriate `as` value and it is preloaded intentionally. @ http://localhost:3000/embed/timetable:0
[  402884ms] [WARNING] The resource http://localhost:3000/_next/static/media/3b891b14d3cf1415-s.p.woff2 was preloaded using link preload but not used within a few seconds from the window's load event. Please make sure it has an appropriate `as` value and it is preloaded intentionally. @ http://localhost:3000/embed/timetable:0
[  406223ms] [WARNING] The resource http://localhost:3000/_next/static/media/3b891b14d3cf1415-s.p.woff2 was preloaded using link preload but not used within a few seconds from the window's load event. Please make sure it has an appropriate `as` value and it is preloaded intentionally. @ http://localhost:3000/embed/timetable:0
[  409535ms] [WARNING] The resource http://localhost:3000/_next/static/media/3b891b14d3cf1415-s.p.woff2 was preloaded using link preload but not used within a few seconds from the window's load event. Please make sure it has an appropriate `as` value and it is preloaded intentionally. @ http://localhost:3000/embed/timetable:0
[  412913ms] [WARNING] The resource http://localhost:3000/_next/static/media/3b891b14d3cf1415-s.p.woff2 was preloaded using link preload but not used within a few seconds from the window's load event. Please make sure it has an appropriate `as` value and it is preloaded intentionally. @ http://localhost:3000/embed/timetable:0
[  416196ms] [WARNING] The resource http://localhost:3000/_next/static/media/3b891b14d3cf1415-s.p.woff2 was preloaded using link preload but not used within a few seconds from the window's load event. Please make sure it has an appropriate `as` value and it is preloaded intentionally. @ http://localhost:3000/embed/timetable:0
[  419474ms] [WARNING] The resource http://localhost:3000/_next/static/media/3b891b14d3cf1415-s.p.woff2 was preloaded using link preload but not used within a few seconds from the window's load event. Please make sure it has an appropriate `as` value and it is preloaded intentionally. @ http://localhost:3000/embed/timetable:0
[  422794ms] [WARNING] The resource http://localhost:3000/_next/static/media/3b891b14d3cf1415-s.p.woff2 was preloaded using link preload but not used within a few seconds from the window's load event. Please make sure it has an appropriate `as` value and it is preloaded intentionally. @ http://localhost:3000/embed/timetable:0
[  426071ms] [WARNING] The resource http://localhost:3000/_next/static/media/3b891b14d3cf1415-s.p.woff2 was preloaded using link preload but not used within a few seconds from the window's load event. Please make sure it has an appropriate `as` value and it is preloaded intentionally. @ http://localhost:3000/embed/timetable:0
[  429403ms] [WARNING] The resource http://localhost:3000/_next/static/media/3b891b14d3cf1415-s.p.woff2 was preloaded using link preload but not used within a few seconds from the window's load event. Please make sure it has an appropriate `as` value and it is preloaded intentionally. @ http://localhost:3000/embed/timetable:0
[  432749ms] [WARNING] The resource http://localhost:3000/_next/static/media/3b891b14d3cf1415-s.p.woff2 was preloaded using link preload but not used within a few seconds from the window's load event. Please make sure it has an appropriate `as` value and it is preloaded intentionally. @ http://localhost:3000/embed/timetable:0
[  436059ms] [WARNING] The resource http://localhost:3000/_next/static/media/3b891b14d3cf1415-s.p.woff2 was preloaded using link preload but not used within a few seconds from the window's load event. Please make sure it has an appropriate `as` value and it is preloaded intentionally. @ http://localhost:3000/embed/timetable:0
[  439359ms] [WARNING] The resource http://localhost:3000/_next/static/media/3b891b14d3cf1415-s.p.woff2 was preloaded using link preload but not used within a few seconds from the window's load event. Please make sure it has an appropriate `as` value and it is preloaded intentionally. @ http://localhost:3000/embed/timetable:0
[  442667ms] [WARNING] The resource http://localhost:3000/_next/static/media/3b891b14d3cf1415-s.p.woff2 was preloaded using link preload but not used within a few seconds from the window's load event. Please make sure it has an appropriate `as` value and it is preloaded intentionally. @ http://localhost:3000/embed/timetable:0
[  445933ms] [WARNING] The resource http://localhost:3000/_next/static/media/3b891b14d3cf1415-s.p.woff2 was preloaded using link preload but not used within a few seconds from the window's load event. Please make sure it has an appropriate `as` value and it is preloaded intentionally. @ http://localhost:3000/embed/timetable:0
[  449237ms] [WARNING] The resource http://localhost:3000/_next/static/media/3b891b14d3cf1415-s.p.woff2 was preloaded using link preload but not used within a few seconds from the window's load event. Please make sure it has an appropriate `as` value and it is preloaded intentionally. @ http://localhost:3000/embed/timetable:0
[  452553ms] [WARNING] The resource http://localhost:3000/_next/static/media/3b891b14d3cf1415-s.p.woff2 was preloaded using link preload but not used within a few seconds from the window's load event. Please make sure it has an appropriate `as` value and it is preloaded intentionally. @ http://localhost:3000/embed/timetable:0
[  455836ms] [WARNING] The resource http://localhost:3000/_next/static/media/3b891b14d3cf1415-s.p.woff2 was preloaded using link preload but not used within a few seconds from the window's load event. Please make sure it has an appropriate `as` value and it is preloaded intentionally. @ http://localhost:3000/embed/timetable:0
[  459161ms] [WARNING] The resource http://localhost:3000/_next/static/media/3b891b14d3cf1415-s.p.woff2 was preloaded using link preload but not used within a few seconds from the window's load event. Please make sure it has an appropriate `as` value and it is preloaded intentionally. @ http://localhost:3000/embed/timetable:0
[  462414ms] [WARNING] The resource http://localhost:3000/_next/static/media/3b891b14d3cf1415-s.p.woff2 was preloaded using link preload but not used within a few seconds from the window's load event. Please make sure it has an appropriate `as` value and it is preloaded intentionally. @ http://localhost:3000/embed/timetable:0
[  465739ms] [WARNING] The resource http://localhost:3000/_next/static/media/3b891b14d3cf1415-s.p.woff2 was preloaded using link preload but not used within a few seconds from the window's load event. Please make sure it has an appropriate `as` value and it is preloaded intentionally. @ http://localhost:3000/embed/timetable:0
[  469042ms] [WARNING] The resource http://localhost:3000/_next/static/media/3b891b14d3cf1415-s.p.woff2 was preloaded using link preload but not used within a few seconds from the window's load event. Please make sure it has an appropriate `as` value and it is preloaded intentionally. @ http://localhost:3000/embed/timetable:0
[  472369ms] [WARNING] The resource http://localhost:3000/_next/static/media/3b891b14d3cf1415-s.p.woff2 was preloaded using link preload but not used within a few seconds from the window's load event. Please make sure it has an appropriate `as` value and it is preloaded intentionally. @ http://localhost:3000/embed/timetable:0
[  475685ms] [WARNING] The resource http://localhost:3000/_next/static/media/3b891b14d3cf1415-s.p.woff2 was preloaded using link preload but not used within a few seconds from the window's load event. Please make sure it has an appropriate `as` value and it is preloaded intentionally. @ http://localhost:3000/embed/timetable:0
[  478973ms] [WARNING] The resource http://localhost:3000/_next/static/media/3b891b14d3cf1415-s.p.woff2 was preloaded using link preload but not used within a few seconds from the window's load event. Please make sure it has an appropriate `as` value and it is preloaded intentionally. @ http://localhost:3000/embed/timetable:0
[  482279ms] [WARNING] The resource http://localhost:3000/_next/static/media/3b891b14d3cf1415-s.p.woff2 was preloaded using link preload but not used within a few seconds from the window's load event. Please make sure it has an appropriate `as` value and it is preloaded intentionally. @ http://localhost:3000/embed/timetable:0
[  485565ms] [WARNING] The resource http://localhost:3000/_next/static/media/3b891b14d3cf1415-s.p.woff2 was preloaded using link preload but not used within a few seconds from the window's load event. Please make sure it has an appropriate `as` value and it is preloaded intentionally. @ http://localhost:3000/embed/timetable:0
[  488845ms] [WARNING] The resource http://localhost:3000/_next/static/media/3b891b14d3cf1415-s.p.woff2 was preloaded using link preload but not used within a few seconds from the window's load event. Please make sure it has an appropriate `as` value and it is preloaded intentionally. @ http://localhost:3000/embed/timetable:0
[  492127ms] [WARNING] The resource http://localhost:3000/_next/static/media/3b891b14d3cf1415-s.p.woff2 was preloaded using link preload but not used within a few seconds from the window's load event. Please make sure it has an appropriate `as` value and it is preloaded intentionally. @ http://localhost:3000/embed/timetable:0
[  495446ms] [WARNING] The resource http://localhost:3000/_next/static/media/3b891b14d3cf1415-s.p.woff2 was preloaded using link preload but not used within a few seconds from the window's load event. Please make sure it has an appropriate `as` value and it is preloaded intentionally. @ http://localhost:3000/embed/timetable:0
[  498724ms] [WARNING] The resource http://localhost:3000/_next/static/media/3b891b14d3cf1415-s.p.woff2 was preloaded using link preload but not used within a few seconds from the window's load event. Please make sure it has an appropriate `as` value and it is preloaded intentionally. @ http://localhost:3000/embed/timetable:0
[  502020ms] [WARNING] The resource http://localhost:3000/_next/static/media/3b891b14d3cf1415-s.p.woff2 was preloaded using link preload but not used within a few seconds from the window's load event. Please make sure it has an appropriate `as` value and it is preloaded intentionally. @ http://localhost:3000/embed/timetable:0
[  505482ms] [WARNING] The resource http://localhost:3000/_next/static/media/3b891b14d3cf1415-s.p.woff2 was preloaded using link preload but not used within a few seconds from the window's load event. Please make sure it has an appropriate `as` value and it is preloaded intentionally. @ http://localhost:3000/embed/timetable:0
[  508775ms] [WARNING] The resource http://localhost:3000/_next/static/media/3b891b14d3cf1415-s.p.woff2 was preloaded using link preload but not used within a few seconds from the window's load event. Please make sure it has an appropriate `as` value and it is preloaded intentionally. @ http://localhost:3000/embed/timetable:0
[  512065ms] [WARNING] The resource http://localhost:3000/_next/static/media/3b891b14d3cf1415-s.p.woff2 was preloaded using link preload but not used within a few seconds from the window's load event. Please make sure it has an appropriate `as` value and it is preloaded intentionally. @ http://localhost:3000/embed/timetable:0
[  515368ms] [WARNING] The resource http://localhost:3000/_next/static/media/3b891b14d3cf1415-s.p.woff2 was preloaded using link preload but not used within a few seconds from the window's load event. Please make sure it has an appropriate `as` value and it is preloaded intentionally. @ http://localhost:3000/embed/timetable:0
[  518660ms] [WARNING] The resource http://localhost:3000/_next/static/media/3b891b14d3cf1415-s.p.woff2 was preloaded using link preload but not used within a few seconds from the window's load event. Please make sure it has an appropriate `as` value and it is preloaded intentionally. @ http://localhost:3000/embed/timetable:0
[  521958ms] [WARNING] The resource http://localhost:3000/_next/static/media/3b891b14d3cf1415-s.p.woff2 was preloaded using link preload but not used within a few seconds from the window's load event. Please make sure it has an appropriate `as` value and it is preloaded intentionally. @ http://localhost:3000/embed/timetable:0
[  525259ms] [WARNING] The resource http://localhost:3000/_next/static/media/3b891b14d3cf1415-s.p.woff2 was preloaded using link preload but not used within a few seconds from the window's load event. Please make sure it has an appropriate `as` value and it is preloaded intentionally. @ http://localhost:3000/embed/timetable:0
[  528564ms] [WARNING] The resource http://localhost:3000/_next/static/media/3b891b14d3cf1415-s.p.woff2 was preloaded using link preload but not used within a few seconds from the window's load event. Please make sure it has an appropriate `as` value and it is preloaded intentionally. @ http://localhost:3000/embed/timetable:0
[  531871ms] [WARNING] The resource http://localhost:3000/_next/static/media/3b891b14d3cf1415-s.p.woff2 was preloaded using link preload but not used within a few seconds from the window's load event. Please make sure it has an appropriate `as` value and it is preloaded intentionally. @ http://localhost:3000/embed/timetable:0
[  535187ms] [WARNING] The resource http://localhost:3000/_next/static/media/3b891b14d3cf1415-s.p.woff2 was preloaded using link preload but not used within a few seconds from the window's load event. Please make sure it has an appropriate `as` value and it is preloaded intentionally. @ http://localhost:3000/embed/timetable:0
[  538472ms] [WARNING] The resource http://localhost:3000/_next/static/media/3b891b14d3cf1415-s.p.woff2 was preloaded using link preload but not used within a few seconds from the window's load event. Please make sure it has an appropriate `as` value and it is preloaded intentionally. @ http://localhost:3000/embed/timetable:0
[  541765ms] [WARNING] The resource http://localhost:3000/_next/static/media/3b891b14d3cf1415-s.p.woff2 was preloaded using link preload but not used within a few seconds from the window's load event. Please make sure it has an appropriate `as` value and it is preloaded intentionally. @ http://localhost:3000/embed/timetable:0
[  545062ms] [WARNING] The resource http://localhost:3000/_next/static/media/3b891b14d3cf1415-s.p.woff2 was preloaded using link preload but not used within a few seconds from the window's load event. Please make sure it has an appropriate `as` value and it is preloaded intentionally. @ http://localhost:3000/embed/timetable:0
[  548338ms] [WARNING] The resource http://localhost:3000/_next/static/media/3b891b14d3cf1415-s.p.woff2 was preloaded using link preload but not used within a few seconds from the window's load event. Please make sure it has an appropriate `as` value and it is preloaded intentionally. @ http://localhost:3000/embed/timetable:0
[  551638ms] [WARNING] The resource http://localhost:3000/_next/static/media/3b891b14d3cf1415-s.p.woff2 was preloaded using link preload but not used within a few seconds from the window's load event. Please make sure it has an appropriate `as` value and it is preloaded intentionally. @ http://localhost:3000/embed/timetable:0
[  554918ms] [WARNING] The resource http://localhost:3000/_next/static/media/3b891b14d3cf1415-s.p.woff2 was preloaded using link preload but not used within a few seconds from the window's load event. Please make sure it has an appropriate `as` value and it is preloaded intentionally. @ http://localhost:3000/embed/timetable:0
[  558198ms] [WARNING] The resource http://localhost:3000/_next/static/media/3b891b14d3cf1415-s.p.woff2 was preloaded using link preload but not used within a few seconds from the window's load event. Please make sure it has an appropriate `as` value and it is preloaded intentionally. @ http://localhost:3000/embed/timetable:0
[  561483ms] [WARNING] The resource http://localhost:3000/_next/static/media/3b891b14d3cf1415-s.p.woff2 was preloaded using link preload but not used within a few seconds from the window's load event. Please make sure it has an appropriate `as` value and it is preloaded intentionally. @ http://localhost:3000/embed/timetable:0
[  564769ms] [WARNING] The resource http://localhost:3000/_next/static/media/3b891b14d3cf1415-s.p.woff2 was preloaded using link preload but not used within a few seconds from the window's load event. Please make sure it has an appropriate `as` value and it is preloaded intentionally. @ http://localhost:3000/embed/timetable:0
[  568105ms] [WARNING] The resource http://localhost:3000/_next/static/media/3b891b14d3cf1415-s.p.woff2 was preloaded using link preload but not used within a few seconds from the window's load event. Please make sure it has an appropriate `as` value and it is preloaded intentionally. @ http://localhost:3000/embed/timetable:0
[  571385ms] [WARNING] The resource http://localhost:3000/_next/static/media/3b891b14d3cf1415-s.p.woff2 was preloaded using link preload but not used within a few seconds from the window's load event. Please make sure it has an appropriate `as` value and it is preloaded intentionally. @ http://localhost:3000/embed/timetable:0
[  576035ms] [WARNING] The resource http://localhost:3000/_next/static/media/3b891b14d3cf1415-s.p.woff2 was preloaded using link preload but not used within a few seconds from the window's load event. Please make sure it has an appropriate `as` value and it is preloaded intentionally. @ http://localhost:3000/embed/timetable:0
[  579320ms] [WARNING] The resource http://localhost:3000/_next/static/media/3b891b14d3cf1415-s.p.woff2 was preloaded using link preload but not used within a few seconds from the window's load event. Please make sure it has an appropriate `as` value and it is preloaded intentionally. @ http://localhost:3000/embed/timetable:0
[  582659ms] [WARNING] The resource http://localhost:3000/_next/static/media/3b891b14d3cf1415-s.p.woff2 was preloaded using link preload but not used within a few seconds from the window's load event. Please make sure it has an appropriate `as` value and it is preloaded intentionally. @ http://localhost:3000/embed/timetable:0
[  586823ms] [WARNING] The resource http://localhost:3000/_next/static/media/3b891b14d3cf1415-s.p.woff2 was preloaded using link preload but not used within a few seconds from the window's load event. Please make sure it has an appropriate `as` value and it is preloaded intentionally. @ http://localhost:3000/embed/timetable:0
